  Determining projects to restore...
  All projects are up-to-date for restore.
  LenovoLegionToolkit.CLI.Lib -> C:\Users\Legion7\Desktop\All builds\LenovoLegion7iToolkit\LenovoLegionToolkit.CLI.Lib\bin\x64\Release\net8.0-windows\win-x64\LenovoLegionToolkit.CLI.Lib.dll
  LenovoLegionToolkit.Lib -> C:\Users\Legion7\Desktop\All builds\LenovoLegion7iToolkit\LenovoLegionToolkit.Lib\bin\x64\Release\net8.0-windows\win-x64\LenovoLegionToolkit.Lib.dll
  LenovoLegionToolkit.Lib.Macro -> C:\Users\Legion7\Desktop\All builds\LenovoLegion7iToolkit\LenovoLegionToolkit.Lib.Macro\bin\x64\Release\net8.0-windows\win-x64\LenovoLegionToolkit.Lib.Macro.dll
  LenovoLegionToolkit.Lib.Automation -> C:\Users\Legion7\Desktop\All builds\LenovoLegion7iToolkit\LenovoLegionToolkit.Lib.Automation\bin\x64\Release\net8.0-windows\win-x64\LenovoLegionToolkit.Lib.Automation.dll
  LenovoLegionToolkit.WPF -> C:\Users\Legion7\Desktop\All builds\LenovoLegion7iToolkit\LenovoLegionToolkit.WPF\bin\x64\Release\net8.0-windows\win-x64\Lenovo Legion Toolkit.dll

Build succeeded.
    0 Warning(s)
    0 Error(s)

Time Elapsed 00:00:10.07
